<Project Sdk="Microsoft.NET.Sdk">
  <PropertyGroup>
    <TargetFramework>net6.0</TargetFramework>
    <Metadata>
      <Level1>
        <Level2>
          <Level3>
            <Level4>
              <Level5>
                <DeepValue>test</DeepValue>
              </Level5>
            </Level4>
          </Level3>
        </Level2>
      </Level1>
    </Metadata>
  </PropertyGroup>
</Project>
