<Project>
  <PropertyGroup>
    <TargetFramework>net6.0</TargetFramework>
  </PropertyGroup>
  <!-- Allocation thrash: patterns designed to stress garbage collection and memory allocation -->
  <ItemGroup>
    <!-- Many tiny strings that stress string interning -->
    <PackageReference Include="A" Version="1" />
    <PackageReference Include="B" Version="1" />
    <PackageReference Include="C" Version="1" />
    <PackageReference Include="D" Version="1" />
    <PackageReference Include="E" Version="1" />
    <PackageReference Include="F" Version="1" />
    <PackageReference Include="G" Version="1" />
    <PackageReference Include="H" Version="1" />
    <PackageReference Include="I" Version="1" />
    <PackageReference Include="J" Version="1" />
    <PackageReference Include="K" Version="1" />
    <PackageReference Include="L" Version="1" />
    <PackageReference Include="M" Version="1" />
    <PackageReference Include="N" Version="1" />
    <PackageReference Include="O" Version="1" />
    <PackageReference Include="P" Version="1" />
    <PackageReference Include="Q" Version="1" />
    <PackageReference Include="R" Version="1" />
    <PackageReference Include="S" Version="1" />
    <PackageReference Include="T" Version="1" />
    <PackageReference Include="U" Version="1" />
    <PackageReference Include="V" Version="1" />
    <PackageReference Include="W" Version="1" />
    <PackageReference Include="X" Version="1" />
    <PackageReference Include="Y" Version="1" />
    <PackageReference Include="Z" Version="1" />
    <!-- Repeat for duplication -->
  </ItemGroup>
  <!-- Many different element types to stress heterogeneous allocation -->
  <ItemGroup><Content Include="1.txt" /></ItemGroup>
  <ItemGroup><Content Include="2.txt" /></ItemGroup>
  <ItemGroup><Content Include="3.txt" /></ItemGroup>
  <ItemGroup><Content Include="4.txt" /></ItemGroup>
  <ItemGroup><Content Include="5.txt" /></ItemGroup>
  <ItemGroup><Compile Include="1.cs" /></ItemGroup>
  <ItemGroup><Compile Include="2.cs" /></ItemGroup>
  <ItemGroup><Compile Include="3.cs" /></ItemGroup>
  <ItemGroup><Compile Include="4.cs" /></ItemGroup>
  <ItemGroup><Compile Include="5.cs" /></ItemGroup>
  <ItemGroup><None Include="1.md" /></ItemGroup>
  <ItemGroup><None Include="2.md" /></ItemGroup>
  <ItemGroup><None Include="3.md" /></ItemGroup>
  <ItemGroup><None Include="4.md" /></ItemGroup>
  <ItemGroup><None Include="5.md" /></ItemGroup>
  <!-- Duplicate ItemGroups for deduplication stress -->
</Project>
