<?xml version="1.0" encoding="utf-8"?>
<root>
  <test>Content with BOM at start</test>
  <unicode>Unicode test: 测试内容 🚀 العربية Русский</unicode>
  <symbols>Special symbols: © ® ™ € £ ¥</symbols>
</root>
