<?xml version="1.0" encoding="utf-8"?>
<root>
  <test>Content with BOM at start</test>
  <unicode>æµ‹è¯•å†…å®¹ ðŸš€</unicode>
</root>
