<root>
  <test>Content with BOM at start</test>
  <unicode>æµ‹è¯•å†…å®¹ ðŸš€</unicode>
</root>
