<?xml version="1.0" encoding="utf-8"?>
<Project>
  <PropertyGroup>
    <TargetFramework>net6.0</TargetFramework>
    <!-- Extremely long property value to test buffer handling -->
    <Description>This is an extremely long description that is designed to test how well each implementation handles very long attribute values and whether they properly allocate memory for such cases without causing buffer overflows or memory corruption issues in the parsing and processing pipeline of the XML document structure and content management system</Description>
    <Authors>AuthorNameThatIsExtremelyLongToTestBufferHandlingInXMLParsingAndProcessingPipelineForMemoryAllocationAndManagement</Authors>
  </PropertyGroup>
  <ItemGroup>
    <!-- Very long file paths -->
    <Content Include="wwwroot/css/very/deeply/nested/directory/structure/that/goes/on/for/a/very/long/time/and/tests/path/handling/capabilities/of/each/implementation/bootstrap.min.css" />
    <Content Include="wwwroot/js/extremely/long/path/that/continues/for/many/directory/levels/to/test/buffer/allocation/and/string/handling/in/xml/processing/site.min.js" />
    <!-- Extremely long package name -->
    <PackageReference Include="Microsoft.Extensions.DependencyInjection.ServiceLookup.CallSiteRuntimeResolver.Internal.Implementation.Factory.Builder.Generator" Version="6.0.0" />
    <PackageReference Include="System.Text.Json.Serialization.Metadata.JsonTypeInfo.PropertyInfoForTypeInfo.Converter.Options.Configuration" Version="6.0.0" />
  </ItemGroup>
  <ItemGroup>
    <Compile Include="Services/Authentication/OAuth/Providers/Microsoft/AzureActiveDirectory/Implementation/TokenValidation/JwtBearerTokenHandler.cs" />
    <Compile Include="Controllers/API/v1/Management/UserProfiles/Security/Authentication/TwoFactorAuthenticationController.cs" />
  </ItemGroup>
</Project>
