<?xml version="1.0" encoding="utf-8"?>
<Project>
  <PropertyGroup>
    <TargetFramework>net6.0</TargetFramework>
  </PropertyGroup>
  <ItemGroup>
    <PackageReference Include="Microsoft.Extensions.Logging" Version="6.0.0" />
  </ItemGroup>
</Project>
