<level1>
  <level2>
    <level3>
      <level4>
        <level5>
          <level6>
            <level7>
              <level8>
                <level9>
                  <level10>
                    <level11>
                      <level12>
                        <level13>
                          <level14>
                            <level15>
                              <level16>
                                <level17>
                                  <level18>
                                    <level19>
                                      <level20>
                                        <level21>
                                          <level22>
                                            <level23>
                                              <level24>
                                                <level25>
                                                  <level26>
                                                    <level27>
                                                      <level28>
                                                        <level29>
                                                          <level30>
                                                            <level31>
                                                              <level32>
                                                                <level33>
                                                                  <level34>
                                                                    <level35>
                                                                      <level36>
                                                                        <level37>
                                                                          <level38>
                                                                            <level39>
                                                                              <level40>
                                                                                <level41>
                                                                                  <level42>
                                                                                    <level43>
                                                                                      <level44>
                                                                                        <level45>
                                                                                          <level46>
                                                                                            <level47>
                                                                                              <level48>
                                                                                                <level49>
                                                                                                  <level50>
                                                                                                    <level51>
                                                                                                      <level52>
                                                                                                        <level53>
                                                                                                          <level54>
                                                                                                            <level55>
                                                                                                              <level56>
                                                                                                                <level57>
                                                                                                                  <level58>
                                                                                                                    <level59>
                                                                                                                      <level60>
                                                                                                                        <level61>
                                                                                                                          <level62>
                                                                                                                            <level63>
                                                                                                                              <level64>
                                                                                                                                <level65>
                                                                                                                                  <level66>
                                                                                                                                    <level67>
                                                                                                                                      <level68>
                                                                                                                                        <level69>
                                                                                                                                          <level70>DEEP CONTENT</level70>
                                                                                                                                        </level69>
                                                                                                                                      </level68>
                                                                                                                                    </level67>
                                                                                                                                  </level66>
                                                                                                                                </level65>
                                                                                                                              </level64>
                                                                                                                            </level63>
                                                                                                                          </level62>
                                                                                                                        </level61>
                                                                                                                      </level60>
                                                                                                                    </level59>
                                                                                                                  </level58>
                                                                                                                </level57>
                                                                                                              </level56>
                                                                                                            </level55>
                                                                                                          </level54>
                                                                                                        </level53>
                                                                                                      </level52>
                                                                                                    </level51>
                                                                                                  </level50>
                                                                                                </level49>
                                                                                              </level48>
                                                                                            </level47>
                                                                                          </level46>
                                                                                        </level45>
                                                                                      </level44>
                                                                                    </level43>
                                                                                  </level42>
                                                                                </level41>
                                                                              </level40>
                                                                            </level39>
                                                                          </level38>
                                                                        </level37>
                                                                      </level36>
                                                                    </level35>
                                                                  </level34>
                                                                </level33>
                                                              </level32>
                                                            </level31>
                                                          </level30>
                                                        </level29>
                                                      </level28>
                                                    </level27>
                                                  </level26>
                                                </level25>
                                              </level24>
                                            </level23>
                                          </level22>
                                        </level21>
                                      </level20>
                                    </level19>
                                  </level18>
                                </level17>
                              </level16>
                            </level15>
                          </level14>
                        </level13>
                      </level12>
                    </level11>
                  </level10>
                </level9>
              </level8>
            </level7>
          </level6>
        </level5>
      </level4>
    </level3>
  </level2>
</level1>
