<!DOCTYPE Project [
<!ENTITY a "aaaaaaaaaa">
<!ENTITY b "&a;&a;&a;&a;&a;&a;&a;&a;&a;&a;">
<!ENTITY c "&b;&b;&b;&b;&b;&b;&b;&b;&b;&b;">
<!ENTITY d "&c;&c;&c;&c;&c;&c;&c;&c;&c;&c;">
<!ENTITY e "&d;&d;&d;&d;&d;&d;&d;&d;&d;&d;">
]>
<Project>
  <PropertyGroup>
    <TargetFramework>net6.0</TargetFramework>
    <Description>&e;</Description>
  </PropertyGroup>
  <!-- Exponential entity expansion that could cause memory exhaustion -->
  <ItemGroup>
    <PackageReference Include="&a;" Version="1.0.0" />
    <PackageReference Include="&b;" Version="1.0.0" />
    <PackageReference Include="&c;" Version="1.0.0" />
    <Content Include="&d;" />
    <Compile Include="&e;" />
  </ItemGroup>
  <ItemGroup>
    <!-- Normal duplicates mixed with entity expansion -->
    <PackageReference Include="System.Text.Json" Version="6.0.0" />
  </ItemGroup>
</Project>
