<Project>
  <PropertyGroup>
    <TargetFramework>net6.0</TargetFramework>
  </PropertyGroup>
  <!-- Pathological case: massive numbers of nearly-identical duplicates that could trigger O(nÂ²) behavior -->
  <ItemGroup>
    <PackageReference Include="Microsoft.Extensions.Logging" Version="6.0.0" />
  </ItemGroup>
</Project>
