<Project>
  <PropertyGroup>
    <TargetFramework>net6.0</TargetFramework>
  </PropertyGroup>
  <!-- Memory fragmentation: many small allocations with subtle differences -->
  <ItemGroup>
    <PackageReference Include="A" Version="1.0.0" />
    <PackageReference Include="B" Version="1.0.0" />
    <PackageReference Include="C" Version="1.0.0" />
    <PackageReference Include="D" Version="1.0.0" />
    <PackageReference Include="E" Version="1.0.0" />
    <PackageReference Include="F" Version="1.0.0" />
    <PackageReference Include="G" Version="1.0.0" />
    <PackageReference Include="H" Version="1.0.0" />
    <PackageReference Include="I" Version="1.0.0" />
    <PackageReference Include="J" Version="1.0.0" />
    <PackageReference Include="K" Version="1.0.0" />
    <PackageReference Include="L" Version="1.0.0" />
    <PackageReference Include="M" Version="1.0.0" />
    <PackageReference Include="N" Version="1.0.0" />
    <PackageReference Include="O" Version="1.0.0" />
    <PackageReference Include="P" Version="1.0.0" />
    <PackageReference Include="Q" Version="1.0.0" />
    <PackageReference Include="R" Version="1.0.0" />
    <PackageReference Include="S" Version="1.0.0" />
    <PackageReference Include="T" Version="1.0.0" />
    <PackageReference Include="U" Version="1.0.0" />
    <PackageReference Include="V" Version="1.0.0" />
    <PackageReference Include="W" Version="1.0.0" />
    <PackageReference Include="X" Version="1.0.0" />
    <PackageReference Include="Y" Version="1.0.0" />
    <PackageReference Include="Z" Version="1.0.0" />
    <!-- Now duplicate each with micro-variations -->
    <PackageReference Include="A " Version="1.0.0" /><!-- trailing space -->
      <PackageReference Include="B" Version="1.0.0 " /><!-- version space -->
        <PackageReference Include="C" Version=" 1.0.0" /><!-- leading space -->
        </ItemGroup>
        <!-- Many different ItemGroup types to stress grouping logic -->
        <ItemGroup><Content Include="file1.txt" /></ItemGroup>
        <ItemGroup><Content Include="file2.txt" /></ItemGroup>
        <ItemGroup><Content Include="file3.txt" /></ItemGroup>
        <ItemGroup><Content Include="file4.txt" /></ItemGroup>
        <ItemGroup><Content Include="file5.txt" /></ItemGroup>
        <ItemGroup><Content Include="file6.txt" /></ItemGroup>
        <ItemGroup><Content Include="file7.txt" /></ItemGroup>
        <ItemGroup><Content Include="file8.txt" /></ItemGroup>
        <ItemGroup><Content Include="file9.txt" /></ItemGroup>
        <ItemGroup><Content Include="file10.txt" /></ItemGroup>
        <ItemGroup><Compile Include="Class1.cs" /></ItemGroup>
        <ItemGroup><Compile Include="Class2.cs" /></ItemGroup>
        <ItemGroup><Compile Include="Class3.cs" /></ItemGroup>
        <ItemGroup><Compile Include="Class4.cs" /></ItemGroup>
        <ItemGroup><Compile Include="Class5.cs" /></ItemGroup>
        <ItemGroup><None Include="readme.txt" /></ItemGroup>
        <ItemGroup><None Include="license.txt" /></ItemGroup>
        <ItemGroup><None Include="changelog.md" /></ItemGroup>
        <ItemGroup><EmbeddedResource Include="Resources.resx" /></ItemGroup>
        <ItemGroup><EmbeddedResource Include="Strings.resx" /></ItemGroup>
      </Project>
