<root>
  <test>File without XML declaration</test>
  <duplicate>Same content</duplicate>
  <whitespace>   Spaces   and   tabs   </whitespace>
</root>