<Project>
  <PropertyGroup>
    <TargetFramework>net6.0</TargetFramework>
    <!-- Null bytes and control characters that could corrupt string handling -->
    <Description>Test with null byte: Package</Description>
    <Authors>Author with control chars:  Package</Authors>
  </PropertyGroup>
  <ItemGroup>
    <!-- Various control characters that could break string processing -->
    <PackageReference Include="Package.With.Null.Byte" Version="1.0.0" />
    <PackageReference Include="Package	Tab" Version="1.0.0" /><!-- Tab character -->
      <PackageReference Include="Package
        Newline" Version="1.0.0" /><!-- Newline in attribute -->
        <PackageReference Include="PackageCarriageReturn" Version="1.0.0" /><!-- CR character -->
          <PackageReference Include="PackageVerticalTab" Version="1.0.0" /><!-- VT character -->
            <PackageReference Include="PackageFormFeed" Version="1.0.0" /><!-- FF character -->
              <PackageReference Include="PackageBackspace" Version="1.0.0" /><!-- BS character -->
                <PackageReference Include="PackageDelete" Version="1.0.0" /><!-- DEL character -->
                </ItemGroup>
              </Project>
