<?xml version="1.0" encoding="utf-8"?>
<!DOCTYPE Project [
  <!ENTITY common "System.Text.Json">
  <!ENTITY version "6.0.0">
  <!ENTITY framework "net6.0">
]>
<Project>
  <!-- Entity references that could stress parsing -->
  <PropertyGroup>
    <TargetFramework>&framework;</TargetFramework>
    <OutputType>Library</OutputType>
  </PropertyGroup>
  <ItemGroup>
    <PackageReference Include="&common;" Version="&version;" />
    <PackageReference Include="Microsoft.Extensions.Logging" Version="6.0.0" />
  </ItemGroup>
  <ItemGroup>
    <Content Include="config.json" />
    <Content Include="settings.xml" />
  </ItemGroup>
</Project>
