<?xml version="1.0" encoding="utf-8"?>
<Project>
  <PropertyGroup>
    <TargetFramework>net6.0</TargetFramework>
  </PropertyGroup>
  <!-- Pattern designed to cause catastrophic backtracking in naive regex -->
  <ItemGroup>
    <PackageReference Include="aaaaaaaaaaaaaaaaaaaaaaaaaaaaaaaaaaaaaaaaaaaaX" Version="1.0.0" />
    <PackageReference Include="aaaaaaaaaaaaaaaaaaaaaaaaaaaaaaaaaaaaaaaaaaaaaX" Version="1.0.0" />
    <PackageReference Include="aaaaaaaaaaaaaaaaaaaaaaaaaaaaaaaaaaaaaaaaaaaaaaX" Version="1.0.0" />
    <PackageReference Include="aaaaaaaaaaaaaaaaaaaaaaaaaaaaaaaaaaaaaaaaaaaaaaaX" Version="1.0.0" />
    <PackageReference Include="aaaaaaaaaaaaaaaaaaaaaaaaaaaaaaaaaaaaaaaaaaaaaaaaX" Version="1.0.0" />
    <PackageReference Include="aaaaaaaaaaaaaaaaaaaaaaaaaaaaaaaaaaaaaaaaaaaaaaaaaX" Version="1.0.0" />
    <PackageReference Include="aaaaaaaaaaaaaaaaaaaaaaaaaaaaaaaaaaaaaaaaaaaaaaaaaaX" Version="1.0.0" />
    <PackageReference Include="aaaaaaaaaaaaaaaaaaaaaaaaaaaaaaaaaaaaaaaaaaaaaaaaaaaX" Version="1.0.0" />
    <PackageReference Include="aaaaaaaaaaaaaaaaaaaaaaaaaaaaaaaaaaaaaaaaaaaaaaaaaaaaX" Version="1.0.0" />
    <PackageReference Include="aaaaaaaaaaaaaaaaaaaaaaaaaaaaaaaaaaaaaaaaaaaaaaaaaaaaaX" Version="1.0.0" />
    <!-- Duplicates with slight variations -->
  </ItemGroup>
</Project>
