<?xml version="1.0" encoding="utf-8"?>
<项目 Sdk="Microsoft.NET.Sdk">
  <属性组>
    <目标框架>net8.0</目标框架>
    <标题>测试项目 &amp; тест &amp; テスト</标题>
    <描述><![CDATA[Mixed 中文 русский 日本語 content with <special> chars]]></描述>
  </属性组>
  <ItemGroup>
    <Compile Include="файл.cs" />
    <Content Include="テスト.js" />
    <None Include="测试.xml" />
    <!-- Unusual whitespace: zero-width space, non-breaking space -->
    <Reference Include="​Test​" />
    <Reference Include=" Test " />
    <EmbeddedResource Include="🚀emoji.png" />
  </ItemGroup>
</项目>
