<Project Sdk="Microsoft.NET.Sdk">
  <PropertyGroup>
    <TargetFramework>net6.0</TargetFramework>
  </PropertyGroup>
  <ItemGroup>
    <None Include="data.xml">
      <CopyToOutputDirectory>PreserveNewest</CopyToOutputDirectory>
      <Content><![CDATA[
        <data>
          <item>value</item>
        </data>
      ]]></Content>
    </None>
  </ItemGroup>
</Project>
