<?xml version="1.0" encoding="utf-8"?>
<Project Sdk="Microsoft.NET.Sdk">
  <PropertyGroup>
    <Title>测试项目 🚀 émojis</Title>
    <Authors>José María</Authors>
  </PropertyGroup>
</Project>
