<Project Sdk="Microsoft.NET.Sdk">
  <PropertyGroup>
    <TargetFramework>net6.0</TargetFramework>
    <IsPackable>true</IsPackable>
    <GenerateDocumentation>false</GenerateDocumentation>
  </PropertyGroup>
</Project>
