<Project Sdk="Microsoft.NET.Sdk" DefaultTargets="Build" ToolsVersion="4.0">
  <PropertyGroup Condition="'$(Configuration)' == 'Debug'" Label="Configuration">
    <TargetFramework>net6.0</TargetFramework>
  </PropertyGroup>
</Project>
