<ms:Project xmlns:ms="test">
  <ms:PropertyGroup>
    <ms:A>
      <ms:B>
        <ms:C>val</ms:C>
      </ms:B>
    </ms:A>
  </ms:PropertyGroup>
</ms:Project>
