<?xml version="1.0" encoding="utf-8"?>
<Project>
  <ItemGroup>
    <PackageReference Include="Test"/>
  </ItemGroup>
  <PropertyGroup>
    <TargetFramework>net6.0</TargetFramework>
  </PropertyGroup>
</Project>
